
≡ƒÜÇ PostgreSQL 300-Submit Load Test
ΓöüΓöüΓöüΓöüΓöüΓöüΓöüΓöüΓöüΓöüΓöüΓöüΓöüΓöüΓöüΓöüΓöüΓöüΓöüΓöüΓöüΓöüΓöüΓöüΓöüΓöüΓöüΓöüΓöüΓöüΓöüΓöü
≡ƒôè Base URL: http://localhost:5000
≡ƒöä Total Submits: 300
ΓÜí Concurrency: 50
ΓöüΓöüΓöüΓöüΓöüΓöüΓöüΓöüΓöüΓöüΓöüΓöüΓöüΓöüΓöüΓöüΓöüΓöüΓöüΓöüΓöüΓöüΓöüΓöüΓöüΓöüΓöüΓöüΓöüΓöüΓöüΓöü

Γ£ù [1] Error: ECONNREFUSED (1/300)
Γ£ù [0] Error: ECONNREFUSED (2/300)
Γ£ù [2] Error: ECONNREFUSED (3/300)
Γ£ù [3] Error: ECONNREFUSED (4/300)
Γ£ù [4] Error: ECONNREFUSED (5/300)
Γ£ù [5] Error: ECONNREFUSED (6/300)
Γ£ù [6] Error: ECONNREFUSED (7/300)
Γ£ù [7] Error: ECONNREFUSED (8/300)
Γ£ù [8] Error: ECONNREFUSED (9/300)
Γ£ù [9] Error: ECONNREFUSED (10/300)
Γ£ù [10] Error: ECONNREFUSED (11/300)
Γ£ù [11] Error: ECONNREFUSED (12/300)
Γ£ù [12] Error: ECONNREFUSED (13/300)
Γ£ù [13] Error: ECONNREFUSED (14/300)
Γ£ù [14] Error: ECONNREFUSED (15/300)
Γ£ù [15] Error: ECONNREFUSED (16/300)
Γ£ù [16] Error: ECONNREFUSED (17/300)
Γ£ù [18] Error: ECONNREFUSED (18/300)
Γ£ù [17] Error: ECONNREFUSED (19/300)
Γ£ù [19] Error: ECONNREFUSED (20/300)
Γ£ù [21] Error: ECONNREFUSED (21/300)
Γ£ù [22] Error: ECONNREFUSED (22/300)
Γ£ù [20] Error: ECONNREFUSED (23/300)
Γ£ù [23] Error: ECONNREFUSED (24/300)
Γ£ù [24] Error: ECONNREFUSED (25/300)
Γ£ù [25] Error: ECONNREFUSED (26/300)
Γ£ù [26] Error: ECONNREFUSED (27/300)
Γ£ù [27] Error: ECONNREFUSED (28/300)
Γ£ù [28] Error: ECONNREFUSED (29/300)
Γ£ù [29] Error: ECONNREFUSED (30/300)
Γ£ù [30] Error: ECONNREFUSED (31/300)
Γ£ù [31] Error: ECONNREFUSED (32/300)
Γ£ù [32] Error: ECONNREFUSED (33/300)
Γ£ù [33] Error: ECONNREFUSED (34/300)
Γ£ù [34] Error: ECONNREFUSED (35/300)
Γ£ù [35] Error: ECONNREFUSED (36/300)
Γ£ù [37] Error: ECONNREFUSED (37/300)
Γ£ù [36] Error: ECONNREFUSED (38/300)
Γ£ù [38] Error: ECONNREFUSED (39/300)
Γ£ù [39] Error: ECONNREFUSED (40/300)
Γ£ù [40] Error: ECONNREFUSED (41/300)
Γ£ù [42] Error: ECONNREFUSED (42/300)
Γ£ù [41] Error: ECONNREFUSED (43/300)
Γ£ù [44] Error: ECONNREFUSED (44/300)
Γ£ù [43] Error: ECONNREFUSED (45/300)
Γ£ù [45] Error: ECONNREFUSED (46/300)
Γ£ù [46] Error: ECONNREFUSED (47/300)
Γ£ù [47] Error: ECONNREFUSED (48/300)
Γ£ù [48] Error: ECONNREFUSED (49/300)
Γ£ù [49] Error: ECONNREFUSED (50/300)
Γ£ù [50] Error: ECONNREFUSED (51/300)
Γ£ù [51] Error: ECONNREFUSED (52/300)
Γ£ù [53] Error: ECONNREFUSED (53/300)
Γ£ù [52] Error: ECONNREFUSED (54/300)
Γ£ù [54] Error: ECONNREFUSED (55/300)
Γ£ù [55] Error: ECONNREFUSED (56/300)
Γ£ù [56] Error: ECONNREFUSED (57/300)
Γ£ù [58] Error: ECONNREFUSED (58/300)
Γ£ù [57] Error: ECONNREFUSED (59/300)
Γ£ù [59] Error: ECONNREFUSED (60/300)
Γ£ù [60] Error: ECONNREFUSED (61/300)
Γ£ù [61] Error: ECONNREFUSED (62/300)
Γ£ù [63] Error: ECONNREFUSED (63/300)
Γ£ù [62] Error: ECONNREFUSED (64/300)
Γ£ù [64] Error: ECONNREFUSED (65/300)
Γ£ù [65] Error: ECONNREFUSED (66/300)
Γ£ù [66] Error: ECONNREFUSED (67/300)
Γ£ù [68] Error: ECONNREFUSED (68/300)
Γ£ù [67] Error: ECONNREFUSED (69/300)
Γ£ù [69] Error: ECONNREFUSED (70/300)
Γ£ù [70] Error: ECONNREFUSED (71/300)
Γ£ù [71] Error: ECONNREFUSED (72/300)
Γ£ù [73] Error: ECONNREFUSED (73/300)
Γ£ù [72] Error: ECONNREFUSED (74/300)
Γ£ù [74] Error: ECONNREFUSED (75/300)
Γ£ù [76] Error: ECONNREFUSED (76/300)
Γ£ù [75] Error: ECONNREFUSED (77/300)
Γ£ù [77] Error: ECONNREFUSED (78/300)
Γ£ù [79] Error: ECONNREFUSED (79/300)
Γ£ù [78] Error: ECONNREFUSED (80/300)
Γ£ù [80] Error: ECONNREFUSED (81/300)
Γ£ù [81] Error: ECONNREFUSED (82/300)
Γ£ù [82] Error: ECONNREFUSED (83/300)
Γ£ù [84] Error: ECONNREFUSED (84/300)
Γ£ù [83] Error: ECONNREFUSED (85/300)
Γ£ù [85] Error: ECONNREFUSED (86/300)
Γ£ù [86] Error: ECONNREFUSED (87/300)
Γ£ù [87] Error: ECONNREFUSED (88/300)
Γ£ù [89] Error: ECONNREFUSED (89/300)
Γ£ù [88] Error: ECONNREFUSED (90/300)
Γ£ù [90] Error: ECONNREFUSED (91/300)
Γ£ù [91] Error: ECONNREFUSED (92/300)
Γ£ù [92] Error: ECONNREFUSED (93/300)
Γ£ù [93] Error: ECONNREFUSED (94/300)
Γ£ù [94] Error: ECONNREFUSED (95/300)
Γ£ù [95] Error: ECONNREFUSED (96/300)
Γ£ù [96] Error: ECONNREFUSED (97/300)
Γ£ù [97] Error: ECONNREFUSED (98/300)
Γ£ù [98] Error: ECONNREFUSED (99/300)
Γ£ù [99] Error: ECONNREFUSED (100/300)
Γ£ù [100] Error: ECONNREFUSED (101/300)
Γ£ù [101] Error: ECONNREFUSED (102/300)
Γ£ù [103] Error: ECONNREFUSED (103/300)
Γ£ù [102] Error: ECONNREFUSED (104/300)
Γ£ù [104] Error: ECONNREFUSED (105/300)
Γ£ù [105] Error: ECONNREFUSED (106/300)
Γ£ù [106] Error: ECONNREFUSED (107/300)
Γ£ù [107] Error: ECONNREFUSED (108/300)
Γ£ù [108] Error: ECONNREFUSED (109/300)
Γ£ù [109] Error: ECONNREFUSED (110/300)
Γ£ù [110] Error: ECONNREFUSED (111/300)
Γ£ù [111] Error: ECONNREFUSED (112/300)
Γ£ù [112] Error: ECONNREFUSED (113/300)
Γ£ù [113] Error: ECONNREFUSED (114/300)
Γ£ù [114] Error: ECONNREFUSED (115/300)
Γ£ù [115] Error: ECONNREFUSED (116/300)
Γ£ù [116] Error: ECONNREFUSED (117/300)
Γ£ù [117] Error: ECONNREFUSED (118/300)
Γ£ù [119] Error: ECONNREFUSED (119/300)
Γ£ù [118] Error: ECONNREFUSED (120/300)
Γ£ù [120] Error: ECONNREFUSED (121/300)
Γ£ù [121] Error: ECONNREFUSED (122/300)
Γ£ù [122] Error: ECONNREFUSED (123/300)
Γ£ù [123] Error: ECONNREFUSED (124/300)
Γ£ù [124] Error: ECONNREFUSED (125/300)
Γ£ù [125] Error: ECONNREFUSED (126/300)
Γ£ù [127] Error: ECONNREFUSED (127/300)
Γ£ù [126] Error: ECONNREFUSED (128/300)
Γ£ù [128] Error: ECONNREFUSED (129/300)
Γ£ù [129] Error: ECONNREFUSED (130/300)
Γ£ù [130] Error: ECONNREFUSED (131/300)
Γ£ù [131] Error: ECONNREFUSED (132/300)
Γ£ù [132] Error: ECONNREFUSED (133/300)
Γ£ù [133] Error: ECONNREFUSED (134/300)
Γ£ù [134] Error: ECONNREFUSED (135/300)
Γ£ù [135] Error: ECONNREFUSED (136/300)
Γ£ù [137] Error: ECONNREFUSED (137/300)
Γ£ù [136] Error: ECONNREFUSED (138/300)
Γ£ù [138] Error: ECONNREFUSED (139/300)
Γ£ù [139] Error: ECONNREFUSED (140/300)
Γ£ù [140] Error: ECONNREFUSED (141/300)
Γ£ù [141] Error: ECONNREFUSED (142/300)
Γ£ù [142] Error: ECONNREFUSED (143/300)
Γ£ù [143] Error: ECONNREFUSED (144/300)
Γ£ù [144] Error: ECONNREFUSED (145/300)
Γ£ù [145] Error: ECONNREFUSED (146/300)
Γ£ù [146] Error: ECONNREFUSED (147/300)
Γ£ù [147] Error: ECONNREFUSED (148/300)
Γ£ù [148] Error: ECONNREFUSED (149/300)
Γ£ù [149] Error: ECONNREFUSED (150/300)
Γ£ù [151] Error: ECONNREFUSED (151/300)
Γ£ù [150] Error: ECONNREFUSED (152/300)
Γ£ù [152] Error: ECONNREFUSED (153/300)
Γ£ù [153] Error: ECONNREFUSED (154/300)
Γ£ù [154] Error: ECONNREFUSED (155/300)
Γ£ù [155] Error: ECONNREFUSED (156/300)
Γ£ù [156] Error: ECONNREFUSED (157/300)
Γ£ù [157] Error: ECONNREFUSED (158/300)
Γ£ù [158] Error: ECONNREFUSED (159/300)
Γ£ù [159] Error: ECONNREFUSED (160/300)
Γ£ù [161] Error: ECONNREFUSED (161/300)
Γ£ù [160] Error: ECONNREFUSED (162/300)
Γ£ù [162] Error: ECONNREFUSED (163/300)
Γ£ù [163] Error: ECONNREFUSED (164/300)
Γ£ù [164] Error: ECONNREFUSED (165/300)
Γ£ù [165] Error: ECONNREFUSED (166/300)
Γ£ù [166] Error: ECONNREFUSED (167/300)
Γ£ù [167] Error: ECONNREFUSED (168/300)
Γ£ù [168] Error: ECONNREFUSED (169/300)
Γ£ù [169] Error: ECONNREFUSED (170/300)
Γ£ù [170] Error: ECONNREFUSED (171/300)
Γ£ù [171] Error: ECONNREFUSED (172/300)
Γ£ù [172] Error: ECONNREFUSED (173/300)
Γ£ù [173] Error: ECONNREFUSED (174/300)
Γ£ù [174] Error: ECONNREFUSED (175/300)
Γ£ù [175] Error: ECONNREFUSED (176/300)
Γ£ù [177] Error: ECONNREFUSED (177/300)
Γ£ù [176] Error: ECONNREFUSED (178/300)
Γ£ù [178] Error: ECONNREFUSED (179/300)
Γ£ù [179] Error: ECONNREFUSED (180/300)
Γ£ù [181] Error: ECONNREFUSED (181/300)
Γ£ù [180] Error: ECONNREFUSED (182/300)
Γ£ù [183] Error: ECONNREFUSED (183/300)
Γ£ù [182] Error: ECONNREFUSED (184/300)
Γ£ù [185] Error: ECONNREFUSED (185/300)
Γ£ù [184] Error: ECONNREFUSED (186/300)
Γ£ù [186] Error: ECONNREFUSED (187/300)
Γ£ù [187] Error: ECONNREFUSED (188/300)
Γ£ù [188] Error: ECONNREFUSED (189/300)
Γ£ù [189] Error: ECONNREFUSED (190/300)
Γ£ù [190] Error: ECONNREFUSED (191/300)
Γ£ù [191] Error: ECONNREFUSED (192/300)
Γ£ù [192] Error: ECONNREFUSED (193/300)
Γ£ù [193] Error: ECONNREFUSED (194/300)
Γ£ù [194] Error: ECONNREFUSED (195/300)
Γ£ù [195] Error: ECONNREFUSED (196/300)
Γ£ù [196] Error: ECONNREFUSED (197/300)
Γ£ù [197] Error: ECONNREFUSED (198/300)
Γ£ù [198] Error: ECONNREFUSED (199/300)
Γ£ù [199] Error: ECONNREFUSED (200/300)
Γ£ù [200] Error: ECONNREFUSED (201/300)
Γ£ù [201] Error: ECONNREFUSED (202/300)
Γ£ù [202] Error: ECONNREFUSED (203/300)
Γ£ù [203] Error: ECONNREFUSED (204/300)
Γ£ù [205] Error: ECONNREFUSED (205/300)
Γ£ù [204] Error: ECONNREFUSED (206/300)
Γ£ù [206] Error: ECONNREFUSED (207/300)
Γ£ù [207] Error: ECONNREFUSED (208/300)
Γ£ù [208] Error: ECONNREFUSED (209/300)
Γ£ù [210] Error: ECONNREFUSED (210/300)
Γ£ù [209] Error: ECONNREFUSED (211/300)
Γ£ù [211] Error: ECONNREFUSED (212/300)
Γ£ù [212] Error: ECONNREFUSED (213/300)
Γ£ù [213] Error: ECONNREFUSED (214/300)
Γ£ù [215] Error: ECONNREFUSED (215/300)
Γ£ù [214] Error: ECONNREFUSED (216/300)
Γ£ù [216] Error: ECONNREFUSED (217/300)
Γ£ù [217] Error: ECONNREFUSED (218/300)
Γ£ù [218] Error: ECONNREFUSED (219/300)
Γ£ù [219] Error: ECONNREFUSED (220/300)
Γ£ù [220] Error: ECONNREFUSED (221/300)
Γ£ù [221] Error: ECONNREFUSED (222/300)
Γ£ù [222] Error: ECONNREFUSED (223/300)
Γ£ù [224] Error: ECONNREFUSED (224/300)
Γ£ù [223] Error: ECONNREFUSED (225/300)
Γ£ù [225] Error: ECONNREFUSED (226/300)
Γ£ù [227] Error: ECONNREFUSED (227/300)
Γ£ù [226] Error: ECONNREFUSED (228/300)
Γ£ù [228] Error: ECONNREFUSED (229/300)
Γ£ù [229] Error: ECONNREFUSED (230/300)
Γ£ù [230] Error: ECONNREFUSED (231/300)
Γ£ù [231] Error: ECONNREFUSED (232/300)
Γ£ù [232] Error: ECONNREFUSED (233/300)
Γ£ù [234] Error: ECONNREFUSED (234/300)
Γ£ù [233] Error: ECONNREFUSED (235/300)
Γ£ù [235] Error: ECONNREFUSED (236/300)
Γ£ù [236] Error: ECONNREFUSED (237/300)
Γ£ù [237] Error: ECONNREFUSED (238/300)
Γ£ù [239] Error: ECONNREFUSED (239/300)
Γ£ù [238] Error: ECONNREFUSED (240/300)
Γ£ù [240] Error: ECONNREFUSED (241/300)
Γ£ù [241] Error: ECONNREFUSED (242/300)
Γ£ù [242] Error: ECONNREFUSED (243/300)
Γ£ù [243] Error: ECONNREFUSED (244/300)
Γ£ù [244] Error: ECONNREFUSED (245/300)
Γ£ù [246] Error: ECONNREFUSED (246/300)
Γ£ù [245] Error: ECONNREFUSED (247/300)
Γ£ù [247] Error: ECONNREFUSED (248/300)
Γ£ù [248] Error: ECONNREFUSED (249/300)
Γ£ù [249] Error: ECONNREFUSED (250/300)
Γ£ù [251] Error: ECONNREFUSED (251/300)
Γ£ù [250] Error: ECONNREFUSED (252/300)
Γ£ù [253] Error: ECONNREFUSED (253/300)
Γ£ù [252] Error: ECONNREFUSED (254/300)
Γ£ù [254] Error: ECONNREFUSED (255/300)
Γ£ù [255] Error: ECONNREFUSED (256/300)
Γ£ù [256] Error: ECONNREFUSED (257/300)
Γ£ù [257] Error: ECONNREFUSED (258/300)
Γ£ù [258] Error: ECONNREFUSED (259/300)
Γ£ù [259] Error: ECONNREFUSED (260/300)
Γ£ù [260] Error: ECONNREFUSED (261/300)
Γ£ù [261] Error: ECONNREFUSED (262/300)
Γ£ù [262] Error: ECONNREFUSED (263/300)
Γ£ù [263] Error: ECONNREFUSED (264/300)
Γ£ù [264] Error: ECONNREFUSED (265/300)
Γ£ù [265] Error: ECONNREFUSED (266/300)
Γ£ù [266] Error: ECONNREFUSED (267/300)
Γ£ù [267] Error: ECONNREFUSED (268/300)
Γ£ù [268] Error: ECONNREFUSED (269/300)
Γ£ù [269] Error: ECONNREFUSED (270/300)
Γ£ù [270] Error: ECONNREFUSED (271/300)
Γ£ù [271] Error: ECONNREFUSED (272/300)
Γ£ù [273] Error: ECONNREFUSED (273/300)
Γ£ù [272] Error: ECONNREFUSED (274/300)
Γ£ù [274] Error: ECONNREFUSED (275/300)
Γ£ù [276] Error: ECONNREFUSED (276/300)
Γ£ù [275] Error: ECONNREFUSED (277/300)
Γ£ù [277] Error: ECONNREFUSED (278/300)
Γ£ù [279] Error: ECONNREFUSED (279/300)
Γ£ù [278] Error: ECONNREFUSED (280/300)
Γ£ù [280] Error: ECONNREFUSED (281/300)
Γ£ù [281] Error: ECONNREFUSED (282/300)
Γ£ù [282] Error: ECONNREFUSED (283/300)
Γ£ù [283] Error: ECONNREFUSED (284/300)
Γ£ù [284] Error: ECONNREFUSED (285/300)
Γ£ù [285] Error: ECONNREFUSED (286/300)
Γ£ù [286] Error: ECONNREFUSED (287/300)
Γ£ù [288] Error: ECONNREFUSED (288/300)
Γ£ù [287] Error: ECONNREFUSED (289/300)
Γ£ù [289] Error: ECONNREFUSED (290/300)
Γ£ù [291] Error: ECONNREFUSED (291/300)
Γ£ù [290] Error: ECONNREFUSED (292/300)
Γ£ù [292] Error: ECONNREFUSED (293/300)
Γ£ù [293] Error: ECONNREFUSED (294/300)
Γ£ù [294] Error: ECONNREFUSED (295/300)
Γ£ù [295] Error: ECONNREFUSED (296/300)
Γ£ù [296] Error: ECONNREFUSED (297/300)
Γ£ù [297] Error: ECONNREFUSED (298/300)
Γ£ù [298] Error: ECONNREFUSED (299/300)
Γ£ù [299] Error: ECONNREFUSED (300/300)

Γ£à Load Test Complete

≡ƒôê Results:
   Successes:  0/300 (0.0%)
   Failures:   300/300 (100.0%)
   Duration:   0.88s
   Throughput: 342.1 req/s

Γ¥î Error Breakdown:
   ECONNREFUSED: 300

ΓÜá∩╕Å  Some submits failed

